Microchip MPLAB XC8 Compiler V3.10

Linker command line:

-W-3 \
  --edf=/home/q425942/.mchp_packs/Microchip/PIC16F1xxxx_DFP/1.28.431/xc8/pic/dat/20251030074704_en.msgs \
  -cn -h+dist/default/debug/firmware.debug.sym \
  --cmf=dist/default/debug/firmware.debug.cmf -z -Q16F18854 \
  -o/tmp/xcXfoDdBE/driver_tmp_3.o --defsym=__MPLAB_BUILD=1 \
  --fixupoverflow=error -Mdist/default/debug/firmware.debug.map \
  --md=/tmp/xcXfoDdBE/driver_tmp_0.dat -E1 -ver=XC8 Compiler \
  -ACODE=00h-07FFhx2 -ASTRCODE=00h-0FFFh -ASTRING=00h-0FFhx16 \
  -ACONST=00h-0FFhx16 -AENTRY=00h-0FFhx16 -ACOMMON=070h-07Fh \
  -ABANK0=020h-06Fh -ABANK1=0A0h-0EFh -ABANK2=0120h-016Fh \
  -ABANK3=01A0h-01EFh -ABANK4=0220h-026Fh -ABANK5=02A0h-02EFh \
  -ABANK6=0320h-032Fh -ABIGRAM=02000h-021EFh \
  -ARAM=020h-06Fh,0A0h-0EFh,0120h-016Fh,01A0h-01EFh,0220h-026Fh,02A0h-02EFh,0320h-032Fh \
  -AABS1=020h-07Fh,0A0h-0EFh,0120h-016Fh,01A0h-01EFh,0220h-026Fh,02A0h-02EFh,0320h-032Fh \
  -ASFR0=00h-01Fh -ASFR1=080h-09Fh -ASFR2=0100h-011Fh -ASFR3=0180h-019Fh \
  -ASFR4=0200h-021Fh -ASFR5=0280h-029Fh -ASFR6=0300h-031Fh \
  -ASFR7=0380h-03EFh -ASFR8=0400h-046Fh -ASFR9=0480h-04EFh \
  -ASFR10=0500h-056Fh -ASFR11=0580h-05EFh -ASFR12=0600h-066Fh \
  -ASFR13=0680h-06EFh -ASFR14=0700h-076Fh -ASFR15=0780h-07EFh \
  -ASFR16=0800h-086Fh -ASFR17=0880h-08EFh -ASFR18=0900h-096Fh \
  -ASFR19=0980h-09EFh -ASFR20=0A00h-0A6Fh -ASFR21=0A80h-0AEFh \
  -ASFR22=0B00h-0B6Fh -ASFR23=0B80h-0BEFh -ASFR24=0C00h-0C6Fh \
  -ASFR25=0C80h-0CEFh -ASFR26=0D00h-0D6Fh -ASFR27=0D80h-0DEFh \
  -ASFR28=0E00h-0E6Fh -ASFR29=0E80h-0EEFh -ASFR30=0F00h-0F6Fh \
  -ASFR31=0F80h-0FEFh -ACONFIG=08007h-0800Bh -DCONFIG=2 \
  -AIDLOC=08000h-08003h -DIDLOC=2 -AEEDATA=00h-0FFh/0F000h \
  -peeprom_data=EEDATA -DEEDATA=2 -DCODE=2 -DSTRCODE=2 -DSTRING=2 -DCONST=2 \
  -DENTRY=2 -preset_vec=00h,intentry=04h,sivt,init,end_init -ppowerup=CODE \
  -pcinit=CODE -pfunctab=ENTRY -k /tmp/xcXfoDdBE/driver_tmp_20.o \
  dist/default/debug/firmware.debug.o 

Object code version is 3.11

Machine type is 16F18854



                Name                               Link     Load   Length Selector   Space Scale
/tmp/xcXfoDdBE/driver_tmp_20.o
                end_init                             1C       1C        2        8       0
                reset_vec                             0        0        3        0       0
                config                             8007     8007        5        0       4
dist/default/debug/firmware.debug.o
                cinit                                1E       1E        C        8       0
                intentry                              4        4       18        8       0
                config                             8007     8007        5        0       4
                text24                              3B5      3B5        1      4BE       0
                text23                              359      359        F      4BE       0
                text21                              397      397        A      4BE       0
                text20                              380      380        C      4BE       0
                text19                              2F1      2F1       16      4BE       0
                text18                              374      374        C      4BE       0
                text17                              368      368        C      4BE       0
                text16                              2D5      2D5       1C      4BE       0
                text15                              3B1      3B1        4      4BE       0
                text14                              3A7      3A7        6      4BE       0
                text13                              38C      38C        B      4BE       0
                text12                              25F      25F       3A      4BE       0
                text11                              307      307       13      4BE       0
                text10                              170      170       5B        8       0
                text9                               1CB      1CB       51        8       0
                text8                               31A      31A       11      4BE       0
                text7                               34A      34A        F      4BE       0
                text6                               3AD      3AD        4      4BE       0
                text5                               33B      33B        F      4BE       0
                text4                               114      114       5C        8       0
                text3                                2A       2A       EA        8       0
                text2                               299      299       1F      4BE       0
                text1                               32B      32B       10      4BE       0
                maintext                            2B8      2B8       1D      4BE       0
                cstackBANK0                          4F       4F       1C       20       1
                cstackCOMMON                         70       70        E       70       1
                clrtext                             3A1      3A1        6      4BE       0
                bssBANK0                             20       20       2F       20       1
                stringtext1                         21C      21C       43      438       0

TOTAL           Name                               Link     Load   Length     Space
        CLASS   CODE           
                end_init                             1C       1C        2         0
                cinit                                1E       1E        C         0
                intentry                              4        4       18         0
                reset_vec                             0        0        3         0
                text24                              3B5      3B5        1         0
                text23                              359      359        F         0
                text21                              397      397        A         0
                text20                              380      380        C         0
                text19                              2F1      2F1       16         0
                text18                              374      374        C         0
                text17                              368      368        C         0
                text16                              2D5      2D5       1C         0
                text15                              3B1      3B1        4         0
                text14                              3A7      3A7        6         0
                text13                              38C      38C        B         0
                text12                              25F      25F       3A         0
                text11                              307      307       13         0
                text10                              170      170       5B         0
                text9                               1CB      1CB       51         0
                text8                               31A      31A       11         0
                text7                               34A      34A        F         0
                text6                               3AD      3AD        4         0
                text5                               33B      33B        F         0
                text4                               114      114       5C         0
                text3                                2A       2A       EA         0
                text2                               299      299       1F         0
                text1                               32B      32B       10         0
                maintext                            2B8      2B8       1D         0
                clrtext                             3A1      3A1        6         0

        CLASS   STRCODE        
                stringtext1                         21C      21C       43         0

        CLASS   STRING         

        CLASS   CONST          

        CLASS   ENTRY          

        CLASS   COMMON         
                cstackCOMMON                         70       70        E         1

        CLASS   BANK0          
                cstackBANK0                          4F       4F       1C         1
                bssBANK0                             20       20       2F         1

        CLASS   BANK1          

        CLASS   BANK2          

        CLASS   BANK3          

        CLASS   BANK4          

        CLASS   BANK5          

        CLASS   BANK6          

        CLASS   BIGRAM         

        CLASS   RAM            

        CLASS   ABS1           
                abs_s1                               7E       7E        2         1

        CLASS   SFR0           

        CLASS   SFR1           

        CLASS   SFR2           

        CLASS   SFR3           

        CLASS   SFR4           

        CLASS   SFR5           

        CLASS   SFR6           

        CLASS   SFR7           

        CLASS   SFR8           

        CLASS   SFR9           

        CLASS   SFR10          

        CLASS   SFR11          

        CLASS   SFR12          

        CLASS   SFR13          

        CLASS   SFR14          

        CLASS   SFR15          

        CLASS   SFR16          

        CLASS   SFR17          

        CLASS   SFR18          

        CLASS   SFR19          

        CLASS   SFR20          

        CLASS   SFR21          

        CLASS   SFR22          

        CLASS   SFR23          

        CLASS   SFR24          

        CLASS   SFR25          

        CLASS   SFR26          

        CLASS   SFR27          

        CLASS   SFR28          

        CLASS   SFR29          

        CLASS   SFR30          

        CLASS   SFR31          

        CLASS   CONFIG         
                config                             8007     8007        5         4

        CLASS   IDLOC          

        CLASS   EEDATA         

        CLASS   BANK31         

        CLASS   BANK30         

        CLASS   BANK29         

        CLASS   BANK28         

        CLASS   BANK27         

        CLASS   BANK26         

        CLASS   BANK25         

        CLASS   BANK24         

        CLASS   BANK23         

        CLASS   BANK22         

        CLASS   BANK21         

        CLASS   BANK20         

        CLASS   BANK19         

        CLASS   BANK18         

        CLASS   BANK17         

        CLASS   BANK16         

        CLASS   BANK15         

        CLASS   BANK14         

        CLASS   BANK13         

        CLASS   BANK12         

        CLASS   BANK11         

        CLASS   BANK10         

        CLASS   BANK9          

        CLASS   BANK8          

        CLASS   BANK7          

        CLASS   HEAP           

        CLASS   STACK          



SEGMENTS        Name                           Load    Length   Top    Selector   Space  Class     Delta

                reset_vec                      000000  000003  000003         0       0  CODE        2
                stringtext1                    00021C  000043  00025F       438       0  STRCODE     2
                text12                         00025F  000157  0003B6       4BE       0  CODE        2
                cstackCOMMON                   000070  00000E  00007E        70       1  COMMON      1
                intentry                       000004  000218  00021C         8       0  CODE        2
                bssBANK0                       000020  00004B  00006B        20       1  BANK0       1


UNUSED ADDRESS RANGES

        Name                Unused          Largest block    Delta
        BANK0            0006B-0006F               5           1
        BANK1            000A0-000EF              50           1
        BANK2            00120-0016F              50           1
        BANK3            001A0-001EF              50           1
        BANK4            00220-0026F              50           1
        BANK5            002A0-002EF              50           1
        BANK6            00320-0032F              10           1
        BIGRAM           02000-021EF             1F0           1
        CODE             00003-00003               1           2
                         003B6-00FFF             44A
        CONST            00003-00003               1           2
                         003B6-00FFF             100
        EEDATA           0F000-0F0FF             100           2
        ENTRY            00003-00003               1           2
                         003B6-00FFF             100
        IDLOC            08000-08003               4           2
        RAM              0006B-0006F               5           1
                         000A0-000EF              50
                         00120-0016F              50
                         001A0-001EF              50
                         00220-0026F              50
                         002A0-002EF              50
                         00320-0032F              10
        SFR0             00000-0001F              20           1
        SFR1             00080-0009F              20           1
        SFR10            00500-0056F              70           1
        SFR11            00580-005EF              70           1
        SFR12            00600-0066F              70           1
        SFR13            00680-006EF              70           1
        SFR14            00700-0076F              70           1
        SFR15            00780-007EF              70           1
        SFR16            00800-0086F              70           1
        SFR17            00880-008EF              70           1
        SFR18            00900-0096F              70           1
        SFR19            00980-009EF              70           1
        SFR2             00100-0011F              20           1
        SFR20            00A00-00A6F              70           1
        SFR21            00A80-00AEF              70           1
        SFR22            00B00-00B6F              70           1
        SFR23            00B80-00BEF              70           1
        SFR24            00C00-00C6F              70           1
        SFR25            00C80-00CEF              70           1
        SFR26            00D00-00D6F              70           1
        SFR27            00D80-00DEF              70           1
        SFR28            00E00-00E6F              70           1
        SFR29            00E80-00EEF              70           1
        SFR3             00180-0019F              20           1
        SFR30            00F00-00F6F              70           1
        SFR31            00F80-00FEF              70           1
        SFR4             00200-0021F              20           1
        SFR5             00280-0029F              20           1
        SFR6             00300-0031F              20           1
        SFR7             00380-003EF              70           1
        SFR8             00400-0046F              70           1
        SFR9             00480-004EF              70           1
        STRCODE          00003-00003               1           2
                         003B6-00FFF             C4A
        STRING           00003-00003               1           2
                         003B6-00FFF             100

                                  Symbol Table

?___awdiv                                           cstackCOMMON 00070
?___awmod                                           cstackCOMMON 00070
?_abs                                               cstackCOMMON 00076
?_printf                                            cstackBANK0  00064
?_vfprintf                                          cstackBANK0  0005F
CMP2_InterruptCallbackRegister@callbackHandler      cstackCOMMON 00070
EUSART_FramingErrorCallbackRegister@callbackHandler cstackCOMMON 00070
EUSART_OverrunErrorCallbackRegister@callbackHandler cstackCOMMON 00070
EUSART_Write@txData                                 cstackCOMMON 00070
INT_SetInterruptHandler@InterruptHandler            cstackCOMMON 00070
_ANSELA                                             (abs)        00F38
_ANSELB                                             (abs)        00F43
_ANSELC                                             (abs)        00F4E
_BAUD1CON                                           (abs)        0011F
_BAUD1CONbits                                       (abs)        0011F
_CLOCK_Initialize                                   text21       00397
_CM2CON0                                            (abs)        00994
_CM2CON0bits                                        (abs)        00994
_CM2CON1                                            (abs)        00995
_CM2NSEL                                            (abs)        00996
_CM2PSEL                                            (abs)        00997
_CMOUTbits                                          (abs)        0098F
_CMP2_DefaultInterruptCallback                      text24       003B5
_CMP2_ISR                                           text23       00359
_CMP2_Initialize                                    text19       002F1
_CMP2_InterruptCallbackRegister                     text20       00380
_CMP2_InterruptHandler                              bssBANK0     0004C
_EUSART_AutoBaudQuery                               (abs)        00000
_EUSART_AutoBaudSet                                 (abs)        00000
_EUSART_DefaultFramingErrorCallback                 (abs)        00000
_EUSART_DefaultOverrunErrorCallback                 (abs)        00000
_EUSART_Deinitialize                                (abs)        00000
_EUSART_ErrorGet                                    (abs)        00000
_EUSART_FramingErrorCallbackRegister                text18       00374
_EUSART_FramingErrorHandler                         bssBANK0     00046
_EUSART_Initialize                                  text16       002D5
_EUSART_IsRxReady                                   (abs)        00000
_EUSART_IsTxDone                                    (abs)        00000
_EUSART_IsTxReady                                   text7        0034A
_EUSART_IsTxReady$710                               cstackCOMMON 00070
_EUSART_OverrunErrorCallbackRegister                text17       00368
_EUSART_OverrunErrorHandler                         bssBANK0     00044
_EUSART_Read                                        (abs)        00000
_EUSART_TransmitDisable                             (abs)        00000
_EUSART_TransmitEnable                              (abs)        00000
_EUSART_Write                                       text6        003AD
_FVRCON                                             (abs)        0090C
_FVRCONbits                                         (abs)        0090C
_FVR_Initialize                                     text15       003B1
_INLVLA                                             (abs)        00F3C
_INLVLB                                             (abs)        00F47
_INLVLC                                             (abs)        00F52
_INLVLE                                             (abs)        00F68
_INTCONbits                                         (abs)        0000B
_INTERRUPT_Initialize                               text13       0038C
_INTERRUPT_InterruptManager                         intentry     00004
_INT_DefaultInterruptHandler                        (abs)        00000
_INT_InterruptHandler                               bssBANK0     0004A
_INT_SetInterruptHandler                            text14       003A7
_IOCAF                                              (abs)        00F3F
_IOCAN                                              (abs)        00F3E
_IOCAP                                              (abs)        00F3D
_IOCBF                                              (abs)        00F4A
_IOCBN                                              (abs)        00F49
_IOCBP                                              (abs)        00F48
_IOCCF                                              (abs)        00F55
_IOCCN                                              (abs)        00F54
_IOCCP                                              (abs)        00F53
_IOCEF                                              (abs)        00F6B
_IOCEN                                              (abs)        00F6A
_IOCEP                                              (abs)        00F69
_LATA                                               (abs)        00016
_LATB                                               (abs)        00017
_LATC                                               (abs)        00018
_ODCONA                                             (abs)        00F3A
_ODCONB                                             (abs)        00F45
_ODCONC                                             (abs)        00F50
_OSCCON1                                            (abs)        0088D
_OSCCON3                                            (abs)        0088F
_OSCEN                                              (abs)        00891
_OSCFRQ                                             (abs)        00893
_OSCTUNE                                            (abs)        00892
_PIE2bits                                           (abs)        00718
_PIN_MANAGER_Initialize                             text12       0025F
_PIR0bits                                           (abs)        0070C
_PIR2bits                                           (abs)        0070E
_PIR3bits                                           (abs)        0070F
_RC1REG                                             (abs)        00119
_RC1STA                                             (abs)        0011D
_RC1STAbits                                         (abs)        0011D
_RC6PPS                                             (abs)        00F26
_RXPPS                                              (abs)        00ECB
_SLRCONA                                            (abs)        00F3B
_SLRCONB                                            (abs)        00F46
_SLRCONC                                            (abs)        00F51
_SP1BRGH                                            (abs)        0011C
_SP1BRGL                                            (abs)        0011B
_SYSTEM_Initialize                                  text11       00307
_TRISA                                              (abs)        00011
_TRISB                                              (abs)        00012
_TRISC                                              (abs)        00013
_TX1REG                                             (abs)        0011A
_TX1STA                                             (abs)        0011E
_TX1STAbits                                         (abs)        0011E
_WPUA                                               (abs)        00F39
_WPUB                                               (abs)        00F44
_WPUC                                               (abs)        00F4F
_WPUE                                               (abs)        00F65
__H__absolute__                                     __absolute__ 00000
__Habs1                                             abs1         00000
__Hbank0                                            bank0        00000
__Hbank1                                            bank1        00000
__Hbank10                                           bank10       00000
__Hbank11                                           bank11       00000
__Hbank12                                           bank12       00000
__Hbank13                                           bank13       00000
__Hbank14                                           bank14       00000
__Hbank15                                           bank15       00000
__Hbank16                                           bank16       00000
__Hbank17                                           bank17       00000
__Hbank18                                           bank18       00000
__Hbank19                                           bank19       00000
__Hbank2                                            bank2        00000
__Hbank20                                           bank20       00000
__Hbank21                                           bank21       00000
__Hbank22                                           bank22       00000
__Hbank23                                           bank23       00000
__Hbank24                                           bank24       00000
__Hbank25                                           bank25       00000
__Hbank26                                           bank26       00000
__Hbank27                                           bank27       00000
__Hbank28                                           bank28       00000
__Hbank29                                           bank29       00000
__Hbank3                                            bank3        00000
__Hbank30                                           bank30       00000
__Hbank31                                           bank31       00000
__Hbank4                                            bank4        00000
__Hbank5                                            bank5        00000
__Hbank6                                            bank6        00000
__Hbank7                                            bank7        00000
__Hbank8                                            bank8        00000
__Hbank9                                            bank9        00000
__Hbigram                                           bigram       00000
__HbssBANK0                                         bssBANK0     00000
__Hcinit                                            cinit        0002A
__Hclrtext                                          clrtext      00000
__Hcode                                             code         00000
__Hcommon                                           common       00000
__Hconfig                                           config       0800C
__HcstackBANK0                                      cstackBANK0  00000
__HcstackCOMMON                                     cstackCOMMON 00000
__Heeprom_data                                      eeprom_data  00000
__Hend_init                                         end_init     0001E
__Hfunctab                                          functab      00000
__Hheap                                             heap         00000
__Hinit                                             init         0001C
__Hintentry                                         intentry     0001C
__Hmaintext                                         maintext     00000
__Hpowerup                                          powerup      00000
__Hram                                              ram          00000
__Hreset_vec                                        reset_vec    00003
__Hsfr0                                             sfr0         00000
__Hsfr1                                             sfr1         00000
__Hsfr10                                            sfr10        00000
__Hsfr11                                            sfr11        00000
__Hsfr12                                            sfr12        00000
__Hsfr13                                            sfr13        00000
__Hsfr14                                            sfr14        00000
__Hsfr15                                            sfr15        00000
__Hsfr16                                            sfr16        00000
__Hsfr17                                            sfr17        00000
__Hsfr18                                            sfr18        00000
__Hsfr19                                            sfr19        00000
__Hsfr2                                             sfr2         00000
__Hsfr20                                            sfr20        00000
__Hsfr21                                            sfr21        00000
__Hsfr22                                            sfr22        00000
__Hsfr23                                            sfr23        00000
__Hsfr24                                            sfr24        00000
__Hsfr25                                            sfr25        00000
__Hsfr26                                            sfr26        00000
__Hsfr27                                            sfr27        00000
__Hsfr28                                            sfr28        00000
__Hsfr29                                            sfr29        00000
__Hsfr3                                             sfr3         00000
__Hsfr30                                            sfr30        00000
__Hsfr31                                            sfr31        00000
__Hsfr4                                             sfr4         00000
__Hsfr5                                             sfr5         00000
__Hsfr6                                             sfr6         00000
__Hsfr7                                             sfr7         00000
__Hsfr8                                             sfr8         00000
__Hsfr9                                             sfr9         00000
__Hsivt                                             sivt         0001C
__Hspace_0                                          (abs)        003B6
__Hspace_1                                          (abs)        0007E
__Hspace_2                                          (abs)        00000
__Hspace_3                                          (abs)        00000
__Hspace_4                                          (abs)        10013
__Hstack                                            stack        00000
__Hstrings                                          strings      00000
__Hstringtext1                                      stringtext1  00000
__Hstringtext2                                      stringtext2  00000
__Htext                                             text         00000
__L__absolute__                                     __absolute__ 00000
__Labs1                                             abs1         00000
__Lbank0                                            bank0        00000
__Lbank1                                            bank1        00000
__Lbank10                                           bank10       00000
__Lbank11                                           bank11       00000
__Lbank12                                           bank12       00000
__Lbank13                                           bank13       00000
__Lbank14                                           bank14       00000
__Lbank15                                           bank15       00000
__Lbank16                                           bank16       00000
__Lbank17                                           bank17       00000
__Lbank18                                           bank18       00000
__Lbank19                                           bank19       00000
__Lbank2                                            bank2        00000
__Lbank20                                           bank20       00000
__Lbank21                                           bank21       00000
__Lbank22                                           bank22       00000
__Lbank23                                           bank23       00000
__Lbank24                                           bank24       00000
__Lbank25                                           bank25       00000
__Lbank26                                           bank26       00000
__Lbank27                                           bank27       00000
__Lbank28                                           bank28       00000
__Lbank29                                           bank29       00000
__Lbank3                                            bank3        00000
__Lbank30                                           bank30       00000
__Lbank31                                           bank31       00000
__Lbank4                                            bank4        00000
__Lbank5                                            bank5        00000
__Lbank6                                            bank6        00000
__Lbank7                                            bank7        00000
__Lbank8                                            bank8        00000
__Lbank9                                            bank9        00000
__Lbigram                                           bigram       00000
__LbssBANK0                                         bssBANK0     00000
__Lcinit                                            cinit        0001E
__Lclrtext                                          clrtext      00000
__Lcode                                             code         00000
__Lcommon                                           common       00000
__Lconfig                                           config       00000
__LcstackBANK0                                      cstackBANK0  00000
__LcstackCOMMON                                     cstackCOMMON 00000
__Leeprom_data                                      eeprom_data  00000
__Lend_init                                         end_init     0001C
__Lfunctab                                          functab      00000
__Lheap                                             heap         00000
__Linit                                             init         0001C
__Lintentry                                         intentry     00004
__Lmaintext                                         maintext     00000
__Lpowerup                                          powerup      00000
__Lram                                              ram          00000
__Lreset_vec                                        reset_vec    00000
__Lsfr0                                             sfr0         00000
__Lsfr1                                             sfr1         00000
__Lsfr10                                            sfr10        00000
__Lsfr11                                            sfr11        00000
__Lsfr12                                            sfr12        00000
__Lsfr13                                            sfr13        00000
__Lsfr14                                            sfr14        00000
__Lsfr15                                            sfr15        00000
__Lsfr16                                            sfr16        00000
__Lsfr17                                            sfr17        00000
__Lsfr18                                            sfr18        00000
__Lsfr19                                            sfr19        00000
__Lsfr2                                             sfr2         00000
__Lsfr20                                            sfr20        00000
__Lsfr21                                            sfr21        00000
__Lsfr22                                            sfr22        00000
__Lsfr23                                            sfr23        00000
__Lsfr24                                            sfr24        00000
__Lsfr25                                            sfr25        00000
__Lsfr26                                            sfr26        00000
__Lsfr27                                            sfr27        00000
__Lsfr28                                            sfr28        00000
__Lsfr29                                            sfr29        00000
__Lsfr3                                             sfr3         00000
__Lsfr30                                            sfr30        00000
__Lsfr31                                            sfr31        00000
__Lsfr4                                             sfr4         00000
__Lsfr5                                             sfr5         00000
__Lsfr6                                             sfr6         00000
__Lsfr7                                             sfr7         00000
__Lsfr8                                             sfr8         00000
__Lsfr9                                             sfr9         00000
__Lsivt                                             sivt         0001C
__Lspace_0                                          (abs)        00000
__Lspace_1                                          (abs)        00000
__Lspace_2                                          (abs)        00000
__Lspace_3                                          (abs)        00000
__Lspace_4                                          (abs)        00000
__Lstack                                            stack        00000
__Lstrings                                          strings      00000
__Lstringtext1                                      stringtext1  00000
__Lstringtext2                                      stringtext2  00000
__Ltext                                             text         00000
__S0                                                (abs)        003B6
__S1                                                (abs)        0007E
__S3                                                (abs)        00000
___awdiv                                            text10       00170
___awdiv@counter                                    cstackCOMMON 00074
___awdiv@dividend                                   cstackCOMMON 00072
___awdiv@divisor                                    cstackCOMMON 00070
___awdiv@quotient                                   cstackCOMMON 00076
___awdiv@sign                                       cstackCOMMON 00075
___awmod                                            text9        001CB
___awmod@counter                                    cstackCOMMON 00074
___awmod@dividend                                   cstackCOMMON 00072
___awmod@divisor                                    cstackCOMMON 00070
___awmod@sign                                       cstackCOMMON 00075
___heap_hi                                          (abs)        00000
___heap_lo                                          (abs)        00000
___int_sp                                           stack        00000
___int_stack_hi                                     stack        00000
___int_stack_lo                                     stack        00000
___latbits                                          (abs)        00001
___sp                                               stack        00000
___stack_hi                                         stack        00000
___stack_lo                                         stack        00000
___stackhi                                          (abs)        00000
___stacklo                                          (abs)        00000
__end_of_CLOCK_Initialize                           text21       003A1
__end_of_CMP2_DefaultInterruptCallback              text24       003B6
__end_of_CMP2_ISR                                   text23       00368
__end_of_CMP2_Initialize                            text19       00307
__end_of_CMP2_InterruptCallbackRegister             text20       0038C
__end_of_EUSART_FramingErrorCallbackRegister        text18       00380
__end_of_EUSART_Initialize                          text16       002F1
__end_of_EUSART_IsTxReady                           text7        00359
__end_of_EUSART_OverrunErrorCallbackRegister        text17       00374
__end_of_EUSART_Write                               text6        003B1
__end_of_FVR_Initialize                             text15       003B5
__end_of_INTERRUPT_Initialize                       text13       00397
__end_of_INTERRUPT_InterruptManager                 intentry     0001C
__end_of_INT_SetInterruptHandler                    text14       003AD
__end_of_PIN_MANAGER_Initialize                     text12       00299
__end_of_SYSTEM_Initialize                          text11       0031A
__end_of_UART                                       stringtext1  0024C
__end_of___awdiv                                    text10       001CB
__end_of___awmod                                    text9        0021C
__end_of__initialization                            cinit        00026
__end_of_abs                                        text8        0032B
__end_of_fputc                                      text4        00170
__end_of_main                                       maintext     002D5
__end_of_printf                                     text1        0033B
__end_of_putch                                      text5        0034A
__end_of_vfpfcnvrt                                  text3        00114
__end_of_vfprintf                                   text2        002B8
__initialization                                    cinit        0001E
__pbssBANK0                                         bssBANK0     00020
__pcstackBANK0                                      cstackBANK0  0004F
__pcstackCOMMON                                     cstackCOMMON 00070
__pintentry                                         intentry     00004
__pmaintext                                         maintext     002B8
__pstringtext1                                      stringtext1  0021C
__pstringtext2                                      stringtext2  00000
__ptext1                                            text1        0032B
__ptext10                                           text10       00170
__ptext11                                           text11       00307
__ptext12                                           text12       0025F
__ptext13                                           text13       0038C
__ptext14                                           text14       003A7
__ptext15                                           text15       003B1
__ptext16                                           text16       002D5
__ptext17                                           text17       00368
__ptext18                                           text18       00374
__ptext19                                           text19       002F1
__ptext2                                            text2        00299
__ptext20                                           text20       00380
__ptext21                                           text21       00397
__ptext23                                           text23       00359
__ptext24                                           text24       003B5
__ptext3                                            text3        0002A
__ptext4                                            text4        00114
__ptext5                                            text5        0033B
__ptext6                                            text6        003AD
__ptext7                                            text7        0034A
__ptext8                                            text8        0031A
__ptext9                                            text9        001CB
_abs                                                text8        0031A
_dbuf                                               bssBANK0     00020
_eusartRxLastError                                  bssBANK0     00048
_flags                                              bssBANK0     0004E
_fputc                                              text4        00114
_main                                               maintext     002B8
_prec                                               bssBANK0     00042
_printf                                             text1        0032B
_putch                                              text5        0033B
_vfpfcnvrt                                          text3        0002A
_vfprintf                                           text2        00299
_width                                              bssBANK0     00040
abs@a                                               cstackCOMMON 00076
btemp                                               (abs)        0007E
btemp0                                              (abs)        0007E
btemp1                                              (abs)        0007F
clear_ram0                                          clrtext      003A1
end_of_initialization                               cinit        00026
fputc@c                                             cstackCOMMON 00072
fputc@fp                                            cstackCOMMON 00074
int$flags                                           (abs)        0007E
intlevel0                                           functab      00000
intlevel1                                           functab      00000
intlevel2                                           functab      00000
intlevel3                                           functab      00000
intlevel4                                           functab      00000
intlevel5                                           functab      00000
ltemp0a                                             (abs)        00080
printf@ap                                           cstackBANK0  00068
printf@fmt                                          cstackBANK0  00064
putch@txData                                        cstackCOMMON 00071
reset_vec                                           reset_vec    00000
start                                               init         0001C
start_initialization                                cinit        0001E
ttemp0a                                             (abs)        0007F
vfpfcnvrt@ap                                        cstackBANK0  00052
vfpfcnvrt@c                                         cstackBANK0  0005E
vfpfcnvrt@convarg                                   cstackBANK0  0005A
vfpfcnvrt@cp                                        cstackBANK0  00058
vfpfcnvrt@done                                      cstackBANK0  00057
vfpfcnvrt@fmt                                       cstackBANK0  00051
vfpfcnvrt@fp                                        cstackBANK0  0004F
vfprintf@ap                                         cstackBANK0  00063
vfprintf@cfmt                                       cstackCOMMON 0007C
vfprintf@fmt                                        cstackBANK0  00061
vfprintf@fp                                         cstackBANK0  0005F
wtemp0                                              (abs)        0007E
wtemp0a                                             (abs)        0007F


MODULE INFORMATION

Module		Function		Class		Link	Load	Size
/opt/microchip/xc8/v3.10/pic/sources/c99/common/abs.c
		_abs           		CODE           	031A	0000	17

/opt/microchip/xc8/v3.10/pic/sources/c99/common/abs.c estimated size: 17

/opt/microchip/xc8/v3.10/pic/sources/c99/common/nf_fputc.c
		_fputc         		CODE           	0114	0000	92

/opt/microchip/xc8/v3.10/pic/sources/c99/common/nf_fputc.c estimated size: 92

/opt/microchip/xc8/v3.10/pic/sources/c99/common/awmod.c
		___awmod       		CODE           	01CB	0000	81

/opt/microchip/xc8/v3.10/pic/sources/c99/common/awmod.c estimated size: 81

mcc_generated_files/system/src/interrupt.c
		_INT_SetInterruptHandler		CODE           	03A7	0000	6
		_INTERRUPT_Initialize		CODE           	038C	0000	11
		_INTERRUPT_InterruptManager		CODE           	0004	0000	24

mcc_generated_files/system/src/interrupt.c estimated size: 41

/opt/microchip/xc8/v3.10/pic/sources/c99/common/doprnt.c
		_vfpfcnvrt     		CODE           	002A	0000	234
		_vfprintf      		CODE           	0299	0000	31

/opt/microchip/xc8/v3.10/pic/sources/c99/common/doprnt.c estimated size: 265

mcc_generated_files/system/src/pins.c
		_PIN_MANAGER_Initialize		CODE           	025F	0000	58

mcc_generated_files/system/src/pins.c estimated size: 58

shared
		_UART          		STRCODE        	0000	0000	0
		__initialization		CODE           	001E	0000	8

shared estimated size: 8

/opt/microchip/xc8/v3.10/pic/sources/c99/common/awdiv.c
		___awdiv       		CODE           	0170	0000	91

/opt/microchip/xc8/v3.10/pic/sources/c99/common/awdiv.c estimated size: 91

mcc_generated_files/uart/src/eusart.c
		_EUSART_FramingErrorCallbackRegister		CODE           	0374	0000	12
		_EUSART_OverrunErrorCallbackRegister		CODE           	0368	0000	12
		_putch         		CODE           	033B	0000	15
		_EUSART_Write  		CODE           	03AD	0000	4
		_EUSART_IsTxReady		CODE           	034A	0000	15
		_EUSART_Initialize		CODE           	02D5	0000	28

mcc_generated_files/uart/src/eusart.c estimated size: 86

mcc_generated_files/system/src/clock.c
		_CLOCK_Initialize		CODE           	0397	0000	10

mcc_generated_files/system/src/clock.c estimated size: 10

mcc_generated_files/comparator/src/cmp2.c
		_CMP2_DefaultInterruptCallback		CODE           	03B5	0000	1
		_CMP2_ISR      		CODE           	0359	0000	15
		_CMP2_Initialize		CODE           	02F1	0000	22
		_CMP2_InterruptCallbackRegister		CODE           	0380	0000	12

mcc_generated_files/comparator/src/cmp2.c estimated size: 50

/opt/microchip/xc8/v3.10/pic/sources/c99/common/printf.c
		_printf        		CODE           	032B	0000	16

/opt/microchip/xc8/v3.10/pic/sources/c99/common/printf.c estimated size: 16

main.c
		_main          		CODE           	02B8	0000	29

main.c estimated size: 29

mcc_generated_files/fvr/src/fvr.c
		_FVR_Initialize		CODE           	03B1	0000	4

mcc_generated_files/fvr/src/fvr.c estimated size: 4

mcc_generated_files/system/src/system.c
		_SYSTEM_Initialize		CODE           	0307	0000	19

mcc_generated_files/system/src/system.c estimated size: 19

